Archive member included because of file (symbol)

c:/program files/atmel/avr tools/avr toolchain/bin/../lib/gcc/avr/4.5.1/avr5\libgcc.a(_divmodhi4.o)
                              lcd.o (__divmodhi4)
c:/program files/atmel/avr tools/avr toolchain/bin/../lib/gcc/avr/4.5.1/avr5\libgcc.a(_divmodsi4.o)
                              boom.o (__divmodsi4)
c:/program files/atmel/avr tools/avr toolchain/bin/../lib/gcc/avr/4.5.1/avr5\libgcc.a(_exit.o)
                              c:/program files/atmel/avr tools/avr toolchain/bin/../lib/gcc/avr/4.5.1/../../../../avr/lib/avr5/crtm64.o (exit)
c:/program files/atmel/avr tools/avr toolchain/bin/../lib/gcc/avr/4.5.1/avr5\libgcc.a(_copy_data.o)
                              boom.o (__do_copy_data)
c:/program files/atmel/avr tools/avr toolchain/bin/../lib/gcc/avr/4.5.1/avr5\libgcc.a(_clear_bss.o)
                              boom.o (__do_clear_bss)
c:/program files/atmel/avr tools/avr toolchain/bin/../lib/gcc/avr/4.5.1/avr5\libgcc.a(_udivmodhi4.o)
                              c:/program files/atmel/avr tools/avr toolchain/bin/../lib/gcc/avr/4.5.1/avr5\libgcc.a(_divmodhi4.o) (__udivmodhi4)
c:/program files/atmel/avr tools/avr toolchain/bin/../lib/gcc/avr/4.5.1/avr5\libgcc.a(_udivmodsi4.o)
                              c:/program files/atmel/avr tools/avr toolchain/bin/../lib/gcc/avr/4.5.1/avr5\libgcc.a(_divmodsi4.o) (__udivmodsi4)
c:/program files/atmel/avr tools/avr toolchain/bin/../lib/gcc/avr/4.5.1/../../../../avr/lib/avr5\libc.a(atoi.o)
                              boom.o (atoi)
c:/program files/atmel/avr tools/avr toolchain/bin/../lib/gcc/avr/4.5.1/../../../../avr/lib/avr5\libc.a(mul10.o)
                              c:/program files/atmel/avr tools/avr toolchain/bin/../lib/gcc/avr/4.5.1/../../../../avr/lib/avr5\libc.a(atoi.o) (__mulhi_const_10)
c:/program files/atmel/avr tools/avr toolchain/bin/../lib/gcc/avr/4.5.1/../../../../avr/lib/avr5\libc.a(eerd_block_atmega64.o)
                              boom.o (__eerd_block_m64)
c:/program files/atmel/avr tools/avr toolchain/bin/../lib/gcc/avr/4.5.1/../../../../avr/lib/avr5\libc.a(eerd_dword_atmega64.o)
                              boom.o (__eerd_dword_m64)
c:/program files/atmel/avr tools/avr toolchain/bin/../lib/gcc/avr/4.5.1/../../../../avr/lib/avr5\libc.a(eewr_block_atmega64.o)
                              boom.o (__eewr_block_m64)
c:/program files/atmel/avr tools/avr toolchain/bin/../lib/gcc/avr/4.5.1/../../../../avr/lib/avr5\libc.a(eewr_byte_atmega64.o)
                              c:/program files/atmel/avr tools/avr toolchain/bin/../lib/gcc/avr/4.5.1/../../../../avr/lib/avr5\libc.a(eewr_block_atmega64.o) (__eewr_r18_m64)
c:/program files/atmel/avr tools/avr toolchain/bin/../lib/gcc/avr/4.5.1/../../../../avr/lib/avr5\libc.a(eewr_dword_atmega64.o)
                              boom.o (__eewr_dword_m64)
c:/program files/atmel/avr tools/avr toolchain/bin/../lib/gcc/avr/4.5.1/../../../../avr/lib/avr5\libc.a(eewr_word_atmega64.o)
                              c:/program files/atmel/avr tools/avr toolchain/bin/../lib/gcc/avr/4.5.1/../../../../avr/lib/avr5\libc.a(eewr_dword_atmega64.o) (__eewr_word_m64)

Allocating common symbols
Common symbol       size              file

tcnt                0x1               onewire.o
i                   0x1               onewire.o
buffer              0x40              onewire.o
curtext             0x10              boom.o
time                0x6               boom.o

Memory Configuration

Name             Origin             Length             Attributes
text             0x00000000         0x00020000         xr
data             0x00800060         0x0000ffa0         rw !x
eeprom           0x00810000         0x00010000         rw !x
fuse             0x00820000         0x00000400         rw !x
lock             0x00830000         0x00000400         rw !x
signature        0x00840000         0x00000400         rw !x
*default*        0x00000000         0xffffffff

Linker script and memory map

Address of section .data set to 0x800100
LOAD c:/program files/atmel/avr tools/avr toolchain/bin/../lib/gcc/avr/4.5.1/../../../../avr/lib/avr5/crtm64.o
LOAD boom.o
LOAD lcd.o
LOAD onewire.o
LOAD keyboard.o
LOAD c:/program files/atmel/avr tools/avr toolchain/bin/../lib/gcc/avr/4.5.1/avr5\libgcc.a
LOAD c:/program files/atmel/avr tools/avr toolchain/bin/../lib/gcc/avr/4.5.1/../../../../avr/lib/avr5\libc.a
LOAD c:/program files/atmel/avr tools/avr toolchain/bin/../lib/gcc/avr/4.5.1/avr5\libgcc.a

.hash
 *(.hash)

.dynsym
 *(.dynsym)

.dynstr
 *(.dynstr)

.gnu.version
 *(.gnu.version)

.gnu.version_d
 *(.gnu.version_d)

.gnu.version_r
 *(.gnu.version_r)

.rel.init
 *(.rel.init)

.rela.init
 *(.rela.init)

.rel.text
 *(.rel.text)
 *(.rel.text.*)
 *(.rel.gnu.linkonce.t*)

.rela.text
 *(.rela.text)
 *(.rela.text.*)
 *(.rela.gnu.linkonce.t*)

.rel.fini
 *(.rel.fini)

.rela.fini
 *(.rela.fini)

.rel.rodata
 *(.rel.rodata)
 *(.rel.rodata.*)
 *(.rel.gnu.linkonce.r*)

.rela.rodata
 *(.rela.rodata)
 *(.rela.rodata.*)
 *(.rela.gnu.linkonce.r*)

.rel.data
 *(.rel.data)
 *(.rel.data.*)
 *(.rel.gnu.linkonce.d*)

.rela.data
 *(.rela.data)
 *(.rela.data.*)
 *(.rela.gnu.linkonce.d*)

.rel.ctors
 *(.rel.ctors)

.rela.ctors
 *(.rela.ctors)

.rel.dtors
 *(.rel.dtors)

.rela.dtors
 *(.rela.dtors)

.rel.got
 *(.rel.got)

.rela.got
 *(.rela.got)

.rel.bss
 *(.rel.bss)

.rela.bss
 *(.rela.bss)

.rel.plt
 *(.rel.plt)

.rela.plt
 *(.rela.plt)

.text           0x00000000     0x112a
 *(.vectors)
 .vectors       0x00000000       0x8c c:/program files/atmel/avr tools/avr toolchain/bin/../lib/gcc/avr/4.5.1/../../../../avr/lib/avr5/crtm64.o
                0x00000000                __vector_default
                0x00000000                __vectors
 *(.vectors)
 *(.progmem.gcc*)
 *(.progmem*)
                0x0000008c                . = ALIGN (0x2)
                0x0000008c                __trampolines_start = .
 *(.trampolines)
 .trampolines   0x0000008c        0x0 linker stubs
 *(.trampolines*)
                0x0000008c                __trampolines_end = .
 *(.jumptables)
 *(.jumptables*)
 *(.lowtext)
 *(.lowtext*)
                0x0000008c                __ctors_start = .
 *(.ctors)
                0x0000008c                __ctors_end = .
                0x0000008c                __dtors_start = .
 *(.dtors)
                0x0000008c                __dtors_end = .
 SORT(*)(.ctors)
 SORT(*)(.dtors)
 *(.init0)
 .init0         0x0000008c        0x0 c:/program files/atmel/avr tools/avr toolchain/bin/../lib/gcc/avr/4.5.1/../../../../avr/lib/avr5/crtm64.o
                0x0000008c                __init
 *(.init0)
 *(.init1)
 *(.init1)
 *(.init2)
 .init2         0x0000008c        0xc c:/program files/atmel/avr tools/avr toolchain/bin/../lib/gcc/avr/4.5.1/../../../../avr/lib/avr5/crtm64.o
 *(.init2)
 *(.init3)
 *(.init3)
 *(.init4)
 .init4         0x00000098       0x16 c:/program files/atmel/avr tools/avr toolchain/bin/../lib/gcc/avr/4.5.1/avr5\libgcc.a(_copy_data.o)
                0x00000098                __do_copy_data
 .init4         0x000000ae       0x10 c:/program files/atmel/avr tools/avr toolchain/bin/../lib/gcc/avr/4.5.1/avr5\libgcc.a(_clear_bss.o)
                0x000000ae                __do_clear_bss
 *(.init4)
 *(.init5)
 *(.init5)
 *(.init6)
 *(.init6)
 *(.init7)
 *(.init7)
 *(.init8)
 *(.init8)
 *(.init9)
 .init9         0x000000be        0x8 c:/program files/atmel/avr tools/avr toolchain/bin/../lib/gcc/avr/4.5.1/../../../../avr/lib/avr5/crtm64.o
 *(.init9)
 *(.text)
 .text          0x000000c6        0x4 c:/program files/atmel/avr tools/avr toolchain/bin/../lib/gcc/avr/4.5.1/../../../../avr/lib/avr5/crtm64.o
                0x000000c6                __vector_22
                0x000000c6                __vector_28
                0x000000c6                __vector_1
                0x000000c6                __vector_32
                0x000000c6                __vector_34
                0x000000c6                __vector_24
                0x000000c6                __vector_12
                0x000000c6                __bad_interrupt
                0x000000c6                __vector_6
                0x000000c6                __vector_31
                0x000000c6                __vector_3
                0x000000c6                __vector_23
                0x000000c6                __vector_30
                0x000000c6                __vector_25
                0x000000c6                __vector_11
                0x000000c6                __vector_13
                0x000000c6                __vector_17
                0x000000c6                __vector_19
                0x000000c6                __vector_7
                0x000000c6                __vector_27
                0x000000c6                __vector_5
                0x000000c6                __vector_33
                0x000000c6                __vector_4
                0x000000c6                __vector_9
                0x000000c6                __vector_2
                0x000000c6                __vector_21
                0x000000c6                __vector_15
                0x000000c6                __vector_29
                0x000000c6                __vector_8
                0x000000c6                __vector_26
                0x000000c6                __vector_10
                0x000000c6                __vector_18
                0x000000c6                __vector_20
 .text          0x000000ca      0x980 boom.o
                0x000000ca                StrCmp
                0x000000ee                StrCp
                0x0000010a                clear_key
                0x0000012e                GetButton
                0x00000150                GetSevenCode
                0x00000168                PrintToSevenSeg
                0x000001d0                GameOver
                0x0000021a                GamePaused
                0x00000222                MakeBoom
                0x00000284                CheckKey
                0x000002b4                CheckState
                0x000002fc                MenuSelect
                0x00000628                Port_Init
                0x00000650                SetupTIMER1
                0x00000666                SetupTIMER0
                0x0000067e                __vector_14
                0x00000710                __vector_16
                0x00000882                GetSavedData
                0x000008fe                CheckResset
                0x000009fe                main
 .text          0x00000a4a      0x2ec lcd.o
                0x00000a4a                E_Pulse
                0x00000a5c                LCD_Init
                0x00000aa8                LCDSendCommand
                0x00000b02                LCDSendChar
                0x00000b5c                LCDSendTxt
                0x00000bbe                LCDSendUnsafeCounteredTxt
                0x00000bfc                LCDSendInt
                0x00000cdc                LCDSendInt_Old
                0x00000cfc                SmartUp
                0x00000d04                SmartDown
                0x00000d1c                Light
 .text          0x00000d36      0x1c2 onewire.o
                0x00000d36                send_ds1990_command
                0x00000d96                check_key_id
                0x00000e06                read_ds1990
                0x00000e92                reset_ds1990
 .text          0x00000ef8       0xa6 keyboard.o
                0x00000ef8                InitializeKeyboard
                0x00000f06                ReadFromKeyboard
 .text          0x00000f9e        0x0 c:/program files/atmel/avr tools/avr toolchain/bin/../lib/gcc/avr/4.5.1/avr5\libgcc.a(_divmodhi4.o)
 .text          0x00000f9e        0x0 c:/program files/atmel/avr tools/avr toolchain/bin/../lib/gcc/avr/4.5.1/avr5\libgcc.a(_divmodsi4.o)
 .text          0x00000f9e        0x0 c:/program files/atmel/avr tools/avr toolchain/bin/../lib/gcc/avr/4.5.1/avr5\libgcc.a(_exit.o)
 .text          0x00000f9e        0x0 c:/program files/atmel/avr tools/avr toolchain/bin/../lib/gcc/avr/4.5.1/avr5\libgcc.a(_copy_data.o)
 .text          0x00000f9e        0x0 c:/program files/atmel/avr tools/avr toolchain/bin/../lib/gcc/avr/4.5.1/avr5\libgcc.a(_clear_bss.o)
 .text          0x00000f9e        0x0 c:/program files/atmel/avr tools/avr toolchain/bin/../lib/gcc/avr/4.5.1/avr5\libgcc.a(_udivmodhi4.o)
 .text          0x00000f9e        0x0 c:/program files/atmel/avr tools/avr toolchain/bin/../lib/gcc/avr/4.5.1/avr5\libgcc.a(_udivmodsi4.o)
 .text          0x00000f9e        0x0 c:/program files/atmel/avr tools/avr toolchain/bin/../lib/gcc/avr/4.5.1/../../../../avr/lib/avr5\libc.a(atoi.o)
 .text          0x00000f9e        0x0 c:/program files/atmel/avr tools/avr toolchain/bin/../lib/gcc/avr/4.5.1/../../../../avr/lib/avr5\libc.a(mul10.o)
 .text          0x00000f9e        0x0 c:/program files/atmel/avr tools/avr toolchain/bin/../lib/gcc/avr/4.5.1/../../../../avr/lib/avr5\libc.a(eerd_block_atmega64.o)
 .text          0x00000f9e        0x0 c:/program files/atmel/avr tools/avr toolchain/bin/../lib/gcc/avr/4.5.1/../../../../avr/lib/avr5\libc.a(eerd_dword_atmega64.o)
 .text          0x00000f9e        0x0 c:/program files/atmel/avr tools/avr toolchain/bin/../lib/gcc/avr/4.5.1/../../../../avr/lib/avr5\libc.a(eewr_block_atmega64.o)
 .text          0x00000f9e        0x0 c:/program files/atmel/avr tools/avr toolchain/bin/../lib/gcc/avr/4.5.1/../../../../avr/lib/avr5\libc.a(eewr_byte_atmega64.o)
 .text          0x00000f9e        0x0 c:/program files/atmel/avr tools/avr toolchain/bin/../lib/gcc/avr/4.5.1/../../../../avr/lib/avr5\libc.a(eewr_dword_atmega64.o)
 .text          0x00000f9e        0x0 c:/program files/atmel/avr tools/avr toolchain/bin/../lib/gcc/avr/4.5.1/../../../../avr/lib/avr5\libc.a(eewr_word_atmega64.o)
                0x00000f9e                . = ALIGN (0x2)
 *(.text.*)
 .text.libgcc   0x00000f9e       0x26 c:/program files/atmel/avr tools/avr toolchain/bin/../lib/gcc/avr/4.5.1/avr5\libgcc.a(_divmodhi4.o)
                0x00000f9e                _div
                0x00000f9e                __divmodhi4
 .text.libgcc   0x00000fc4       0x36 c:/program files/atmel/avr tools/avr toolchain/bin/../lib/gcc/avr/4.5.1/avr5\libgcc.a(_divmodsi4.o)
                0x00000fc4                __divmodsi4
 .text.libgcc   0x00000ffa        0x0 c:/program files/atmel/avr tools/avr toolchain/bin/../lib/gcc/avr/4.5.1/avr5\libgcc.a(_exit.o)
 .text.libgcc   0x00000ffa        0x0 c:/program files/atmel/avr tools/avr toolchain/bin/../lib/gcc/avr/4.5.1/avr5\libgcc.a(_copy_data.o)
 .text.libgcc   0x00000ffa        0x0 c:/program files/atmel/avr tools/avr toolchain/bin/../lib/gcc/avr/4.5.1/avr5\libgcc.a(_clear_bss.o)
 .text.libgcc   0x00000ffa       0x28 c:/program files/atmel/avr tools/avr toolchain/bin/../lib/gcc/avr/4.5.1/avr5\libgcc.a(_udivmodhi4.o)
                0x00000ffa                __udivmodhi4
 .text.libgcc   0x00001022       0x44 c:/program files/atmel/avr tools/avr toolchain/bin/../lib/gcc/avr/4.5.1/avr5\libgcc.a(_udivmodsi4.o)
                0x00001022                __udivmodsi4
 .text.avr-libc
                0x00001066       0x3c c:/program files/atmel/avr tools/avr toolchain/bin/../lib/gcc/avr/4.5.1/../../../../avr/lib/avr5\libc.a(atoi.o)
                0x00001066                atoi
 .text.avr-libc
                0x000010a2       0x10 c:/program files/atmel/avr tools/avr toolchain/bin/../lib/gcc/avr/4.5.1/../../../../avr/lib/avr5\libc.a(mul10.o)
                0x000010a2                __mulhi_const_10
 .text.avr-libc
                0x000010b2       0x20 c:/program files/atmel/avr tools/avr toolchain/bin/../lib/gcc/avr/4.5.1/../../../../avr/lib/avr5\libc.a(eerd_block_atmega64.o)
                0x000010b2                __eerd_block_m64
                0x000010b6                __eerd_blraw_m64
 .text.avr-libc
                0x000010d2        0xc c:/program files/atmel/avr tools/avr toolchain/bin/../lib/gcc/avr/4.5.1/../../../../avr/lib/avr5\libc.a(eerd_dword_atmega64.o)
                0x000010d2                __eerd_float_m64
                0x000010d2                __eerd_dword_m64
 .text.avr-libc
                0x000010de       0x14 c:/program files/atmel/avr tools/avr toolchain/bin/../lib/gcc/avr/4.5.1/../../../../avr/lib/avr5\libc.a(eewr_block_atmega64.o)
                0x000010de                __eewr_block_m64
 .text.avr-libc
                0x000010f2       0x1a c:/program files/atmel/avr tools/avr toolchain/bin/../lib/gcc/avr/4.5.1/../../../../avr/lib/avr5\libc.a(eewr_byte_atmega64.o)
                0x000010f2                __eewr_byte_m64
                0x000010f4                __eewr_r18_m64
 .text.avr-libc
                0x0000110c       0x10 c:/program files/atmel/avr tools/avr toolchain/bin/../lib/gcc/avr/4.5.1/../../../../avr/lib/avr5\libc.a(eewr_dword_atmega64.o)
                0x0000110c                __eewr_dword_m64
                0x0000110c                __eewr_float_m64
 .text.avr-libc
                0x0000111c        0xa c:/program files/atmel/avr tools/avr toolchain/bin/../lib/gcc/avr/4.5.1/../../../../avr/lib/avr5\libc.a(eewr_word_atmega64.o)
                0x0000111c                __eewr_word_m64
                0x00001126                . = ALIGN (0x2)
 *(.fini9)
 .fini9         0x00001126        0x0 c:/program files/atmel/avr tools/avr toolchain/bin/../lib/gcc/avr/4.5.1/avr5\libgcc.a(_exit.o)
                0x00001126                _exit
                0x00001126                exit
 *(.fini9)
 *(.fini8)
 *(.fini8)
 *(.fini7)
 *(.fini7)
 *(.fini6)
 *(.fini6)
 *(.fini5)
 *(.fini5)
 *(.fini4)
 *(.fini4)
 *(.fini3)
 *(.fini3)
 *(.fini2)
 *(.fini2)
 *(.fini1)
 *(.fini1)
 *(.fini0)
 .fini0         0x00001126        0x4 c:/program files/atmel/avr tools/avr toolchain/bin/../lib/gcc/avr/4.5.1/avr5\libgcc.a(_exit.o)
 *(.fini0)
                0x0000112a                _etext = .

.data           0x00800100      0x172 load address 0x0000112a
                0x00800100                PROVIDE (__data_start, .)
 *(.data)
 .data          0x00800100        0x0 c:/program files/atmel/avr tools/avr toolchain/bin/../lib/gcc/avr/4.5.1/../../../../avr/lib/avr5/crtm64.o
 .data          0x00800100      0x161 boom.o
                0x0080019d                menu
                0x0080020d                menu_pos
                0x0080020e                adminpass
                0x0080021e                startcode
                0x0080022e                stopcode
                0x0080023e                keyid
                0x00800246                readedkeyid
                0x0080024e                timer_init_val
                0x00800252                timer_cur
 .data          0x00800261        0x0 lcd.o
 .data          0x00800261        0x0 onewire.o
 .data          0x00800261       0x10 keyboard.o
                0x00800261                KEYCODE
 .data          0x00800271        0x0 c:/program files/atmel/avr tools/avr toolchain/bin/../lib/gcc/avr/4.5.1/avr5\libgcc.a(_divmodhi4.o)
 .data          0x00800271        0x0 c:/program files/atmel/avr tools/avr toolchain/bin/../lib/gcc/avr/4.5.1/avr5\libgcc.a(_divmodsi4.o)
 .data          0x00800271        0x0 c:/program files/atmel/avr tools/avr toolchain/bin/../lib/gcc/avr/4.5.1/avr5\libgcc.a(_exit.o)
 .data          0x00800271        0x0 c:/program files/atmel/avr tools/avr toolchain/bin/../lib/gcc/avr/4.5.1/avr5\libgcc.a(_copy_data.o)
 .data          0x00800271        0x0 c:/program files/atmel/avr tools/avr toolchain/bin/../lib/gcc/avr/4.5.1/avr5\libgcc.a(_clear_bss.o)
 .data          0x00800271        0x0 c:/program files/atmel/avr tools/avr toolchain/bin/../lib/gcc/avr/4.5.1/avr5\libgcc.a(_udivmodhi4.o)
 .data          0x00800271        0x0 c:/program files/atmel/avr tools/avr toolchain/bin/../lib/gcc/avr/4.5.1/avr5\libgcc.a(_udivmodsi4.o)
 .data          0x00800271        0x0 c:/program files/atmel/avr tools/avr toolchain/bin/../lib/gcc/avr/4.5.1/../../../../avr/lib/avr5\libc.a(atoi.o)
 .data          0x00800271        0x0 c:/program files/atmel/avr tools/avr toolchain/bin/../lib/gcc/avr/4.5.1/../../../../avr/lib/avr5\libc.a(mul10.o)
 .data          0x00800271        0x0 c:/program files/atmel/avr tools/avr toolchain/bin/../lib/gcc/avr/4.5.1/../../../../avr/lib/avr5\libc.a(eerd_block_atmega64.o)
 .data          0x00800271        0x0 c:/program files/atmel/avr tools/avr toolchain/bin/../lib/gcc/avr/4.5.1/../../../../avr/lib/avr5\libc.a(eerd_dword_atmega64.o)
 .data          0x00800271        0x0 c:/program files/atmel/avr tools/avr toolchain/bin/../lib/gcc/avr/4.5.1/../../../../avr/lib/avr5\libc.a(eewr_block_atmega64.o)
 .data          0x00800271        0x0 c:/program files/atmel/avr tools/avr toolchain/bin/../lib/gcc/avr/4.5.1/../../../../avr/lib/avr5\libc.a(eewr_byte_atmega64.o)
 .data          0x00800271        0x0 c:/program files/atmel/avr tools/avr toolchain/bin/../lib/gcc/avr/4.5.1/../../../../avr/lib/avr5\libc.a(eewr_dword_atmega64.o)
 .data          0x00800271        0x0 c:/program files/atmel/avr tools/avr toolchain/bin/../lib/gcc/avr/4.5.1/../../../../avr/lib/avr5\libc.a(eewr_word_atmega64.o)
 *(.data*)
 *(.rodata)
 *(.rodata*)
 *(.gnu.linkonce.d*)
                0x00800272                . = ALIGN (0x2)
 *fill*         0x00800271        0x1 00
                0x00800272                _edata = .
                0x00800272                PROVIDE (__data_end, .)

.bss            0x00800272       0x60
                0x00800272                PROVIDE (__bss_start, .)
 *(.bss)
 .bss           0x00800272        0x0 c:/program files/atmel/avr tools/avr toolchain/bin/../lib/gcc/avr/4.5.1/../../../../avr/lib/avr5/crtm64.o
 .bss           0x00800272        0x8 boom.o
                0x00800272                is_admin
                0x00800273                is_game
                0x00800274                is_timer
                0x00800275                is_key
                0x00800276                is_reset
 .bss           0x0080027a        0x0 lcd.o
 .bss           0x0080027a        0x0 onewire.o
 .bss           0x0080027a        0x0 keyboard.o
 .bss           0x0080027a        0x0 c:/program files/atmel/avr tools/avr toolchain/bin/../lib/gcc/avr/4.5.1/avr5\libgcc.a(_divmodhi4.o)
 .bss           0x0080027a        0x0 c:/program files/atmel/avr tools/avr toolchain/bin/../lib/gcc/avr/4.5.1/avr5\libgcc.a(_divmodsi4.o)
 .bss           0x0080027a        0x0 c:/program files/atmel/avr tools/avr toolchain/bin/../lib/gcc/avr/4.5.1/avr5\libgcc.a(_exit.o)
 .bss           0x0080027a        0x0 c:/program files/atmel/avr tools/avr toolchain/bin/../lib/gcc/avr/4.5.1/avr5\libgcc.a(_copy_data.o)
 .bss           0x0080027a        0x0 c:/program files/atmel/avr tools/avr toolchain/bin/../lib/gcc/avr/4.5.1/avr5\libgcc.a(_clear_bss.o)
 .bss           0x0080027a        0x0 c:/program files/atmel/avr tools/avr toolchain/bin/../lib/gcc/avr/4.5.1/avr5\libgcc.a(_udivmodhi4.o)
 .bss           0x0080027a        0x0 c:/program files/atmel/avr tools/avr toolchain/bin/../lib/gcc/avr/4.5.1/avr5\libgcc.a(_udivmodsi4.o)
 .bss           0x0080027a        0x0 c:/program files/atmel/avr tools/avr toolchain/bin/../lib/gcc/avr/4.5.1/../../../../avr/lib/avr5\libc.a(atoi.o)
 .bss           0x0080027a        0x0 c:/program files/atmel/avr tools/avr toolchain/bin/../lib/gcc/avr/4.5.1/../../../../avr/lib/avr5\libc.a(mul10.o)
 .bss           0x0080027a        0x0 c:/program files/atmel/avr tools/avr toolchain/bin/../lib/gcc/avr/4.5.1/../../../../avr/lib/avr5\libc.a(eerd_block_atmega64.o)
 .bss           0x0080027a        0x0 c:/program files/atmel/avr tools/avr toolchain/bin/../lib/gcc/avr/4.5.1/../../../../avr/lib/avr5\libc.a(eerd_dword_atmega64.o)
 .bss           0x0080027a        0x0 c:/program files/atmel/avr tools/avr toolchain/bin/../lib/gcc/avr/4.5.1/../../../../avr/lib/avr5\libc.a(eewr_block_atmega64.o)
 .bss           0x0080027a        0x0 c:/program files/atmel/avr tools/avr toolchain/bin/../lib/gcc/avr/4.5.1/../../../../avr/lib/avr5\libc.a(eewr_byte_atmega64.o)
 .bss           0x0080027a        0x0 c:/program files/atmel/avr tools/avr toolchain/bin/../lib/gcc/avr/4.5.1/../../../../avr/lib/avr5\libc.a(eewr_dword_atmega64.o)
 .bss           0x0080027a        0x0 c:/program files/atmel/avr tools/avr toolchain/bin/../lib/gcc/avr/4.5.1/../../../../avr/lib/avr5\libc.a(eewr_word_atmega64.o)
 *(.bss*)
 *(COMMON)
 COMMON         0x0080027a       0x16 boom.o
                0x0080027a                curtext
                0x0080028a                time
 COMMON         0x00800290       0x42 onewire.o
                0x00800290                tcnt
                0x00800291                i
                0x00800292                buffer
                0x008002d2                PROVIDE (__bss_end, .)
                0x0000112a                __data_load_start = LOADADDR (.data)
                0x0000129c                __data_load_end = (__data_load_start + SIZEOF (.data))

.noinit         0x008002d2        0x0
                0x008002d2                PROVIDE (__noinit_start, .)
 *(.noinit*)
                0x008002d2                PROVIDE (__noinit_end, .)
                0x008002d2                _end = .
                0x008002d2                PROVIDE (__heap_start, .)

.eeprom         0x00810000        0x0
 *(.eeprom*)
                0x00810000                __eeprom_end = .

.fuse
 *(.fuse)
 *(.lfuse)
 *(.hfuse)
 *(.efuse)

.lock
 *(.lock*)

.signature
 *(.signature*)

.stab           0x00000000      0xc78
 *(.stab)
 .stab          0x00000000      0x6cc c:/program files/atmel/avr tools/avr toolchain/bin/../lib/gcc/avr/4.5.1/../../../../avr/lib/avr5/crtm64.o
 .stab          0x000006cc      0x174 c:/program files/atmel/avr tools/avr toolchain/bin/../lib/gcc/avr/4.5.1/../../../../avr/lib/avr5\libc.a(atoi.o)
                                0x180 (size before relaxing)
 .stab          0x00000840       0x78 c:/program files/atmel/avr tools/avr toolchain/bin/../lib/gcc/avr/4.5.1/../../../../avr/lib/avr5\libc.a(mul10.o)
                                 0x84 (size before relaxing)
 .stab          0x000008b8      0x108 c:/program files/atmel/avr tools/avr toolchain/bin/../lib/gcc/avr/4.5.1/../../../../avr/lib/avr5\libc.a(eerd_block_atmega64.o)
                                0x114 (size before relaxing)
 .stab          0x000009c0       0x78 c:/program files/atmel/avr tools/avr toolchain/bin/../lib/gcc/avr/4.5.1/../../../../avr/lib/avr5\libc.a(eerd_dword_atmega64.o)
                                 0x84 (size before relaxing)
 .stab          0x00000a38       0x9c c:/program files/atmel/avr tools/avr toolchain/bin/../lib/gcc/avr/4.5.1/../../../../avr/lib/avr5\libc.a(eewr_block_atmega64.o)
                                 0xa8 (size before relaxing)
 .stab          0x00000ad4       0xd8 c:/program files/atmel/avr tools/avr toolchain/bin/../lib/gcc/avr/4.5.1/../../../../avr/lib/avr5\libc.a(eewr_byte_atmega64.o)
                                 0xe4 (size before relaxing)
 .stab          0x00000bac       0x78 c:/program files/atmel/avr tools/avr toolchain/bin/../lib/gcc/avr/4.5.1/../../../../avr/lib/avr5\libc.a(eewr_dword_atmega64.o)
                                 0x84 (size before relaxing)
 .stab          0x00000c24       0x54 c:/program files/atmel/avr tools/avr toolchain/bin/../lib/gcc/avr/4.5.1/../../../../avr/lib/avr5\libc.a(eewr_word_atmega64.o)
                                 0x60 (size before relaxing)

.stabstr        0x00000000      0x39a
 *(.stabstr)
 .stabstr       0x00000000      0x39a c:/program files/atmel/avr tools/avr toolchain/bin/../lib/gcc/avr/4.5.1/../../../../avr/lib/avr5/crtm64.o

.stab.excl
 *(.stab.excl)

.stab.exclstr
 *(.stab.exclstr)

.stab.index
 *(.stab.index)

.stab.indexstr
 *(.stab.indexstr)

.comment
 *(.comment)

.debug
 *(.debug)

.line
 *(.line)

.debug_srcinfo
 *(.debug_srcinfo)

.debug_sfnames
 *(.debug_sfnames)

.debug_aranges  0x00000000       0x80
 *(.debug_aranges)
 .debug_aranges
                0x00000000       0x20 boom.o
 .debug_aranges
                0x00000020       0x20 lcd.o
 .debug_aranges
                0x00000040       0x20 onewire.o
 .debug_aranges
                0x00000060       0x20 keyboard.o

.debug_pubnames
                0x00000000      0x382
 *(.debug_pubnames)
 .debug_pubnames
                0x00000000      0x201 boom.o
 .debug_pubnames
                0x00000201       0xc1 lcd.o
 .debug_pubnames
                0x000002c2       0x76 onewire.o
 .debug_pubnames
                0x00000338       0x4a keyboard.o

.debug_info     0x00000000     0x1a81
 *(.debug_info)
 .debug_info    0x00000000      0x9cf boom.o
 .debug_info    0x000009cf      0x959 lcd.o
 .debug_info    0x00001328      0x59b onewire.o
 .debug_info    0x000018c3      0x1be keyboard.o
 *(.gnu.linkonce.wi.*)

.debug_abbrev   0x00000000      0x855
 *(.debug_abbrev)
 .debug_abbrev  0x00000000      0x350 boom.o
 .debug_abbrev  0x00000350      0x1bb lcd.o
 .debug_abbrev  0x0000050b      0x1f4 onewire.o
 .debug_abbrev  0x000006ff      0x156 keyboard.o

.debug_line     0x00000000     0x14cf
 *(.debug_line)
 .debug_line    0x00000000      0x9be boom.o
 .debug_line    0x000009be      0x52a lcd.o
 .debug_line    0x00000ee8      0x400 onewire.o
 .debug_line    0x000012e8      0x1e7 keyboard.o

.debug_frame    0x00000000      0x290
 *(.debug_frame)
 .debug_frame   0x00000000      0x150 boom.o
 .debug_frame   0x00000150       0xc0 lcd.o
 .debug_frame   0x00000210       0x50 onewire.o
 .debug_frame   0x00000260       0x30 keyboard.o

.debug_str      0x00000000      0x3e9
 *(.debug_str)
 .debug_str     0x00000000      0x2aa boom.o
                                0x2e9 (size before relaxing)
 .debug_str     0x000002aa       0xab lcd.o
                                0x1c6 (size before relaxing)
 .debug_str     0x00000355       0x5a onewire.o
                                0x167 (size before relaxing)
 .debug_str     0x000003af       0x3a keyboard.o
                                0x134 (size before relaxing)

.debug_loc      0x00000000      0xb8f
 *(.debug_loc)
 .debug_loc     0x00000000      0x46f boom.o
 .debug_loc     0x0000046f      0x303 lcd.o
 .debug_loc     0x00000772      0x3ea onewire.o
 .debug_loc     0x00000b5c       0x33 keyboard.o

.debug_macinfo
 *(.debug_macinfo)
OUTPUT(boom.elf elf32-avr)
LOAD linker stubs

.debug_pubtypes
                0x00000000       0xc6
 .debug_pubtypes
                0x00000000       0x38 boom.o
 .debug_pubtypes
                0x00000038       0x38 lcd.o
 .debug_pubtypes
                0x00000070       0x2b onewire.o
 .debug_pubtypes
                0x0000009b       0x2b keyboard.o

.debug_ranges   0x00000000       0x48
 .debug_ranges  0x00000000       0x30 boom.o
 .debug_ranges  0x00000030       0x18 onewire.o
